Warning: no access to tty (Bad file descriptor).
Thus no job control in this shell.
DQS Spooled Job
Exiting from login
/sge-batch/6204560.1.beowulf ~/aacmilc/fwilson_flow 
~/aacmilc/fwilson_flow 
